------------------------------------------------------------
Timing Analyzer Summary
------------------------------------------------------------

Type  : Slow 1100mV 85C Model Setup 'i_clk'
Slack : -1.943
TNS   : -93.274

Type  : Slow 1100mV 85C Model Hold 'i_clk'
Slack : 0.294
TNS   : 0.000

Type  : Slow 1100mV 85C Model Minimum Pulse Width 'i_clk'
Slack : -0.394
TNS   : -46.143

Type  : Slow 1100mV 0C Model Setup 'i_clk'
Slack : -1.982
TNS   : -89.686

Type  : Slow 1100mV 0C Model Hold 'i_clk'
Slack : 0.275
TNS   : 0.000

Type  : Slow 1100mV 0C Model Minimum Pulse Width 'i_clk'
Slack : -0.394
TNS   : -49.648

Type  : Fast 1100mV 85C Model Setup 'i_clk'
Slack : -0.666
TNS   : -24.794

Type  : Fast 1100mV 85C Model Hold 'i_clk'
Slack : 0.169
TNS   : 0.000

Type  : Fast 1100mV 85C Model Minimum Pulse Width 'i_clk'
Slack : -0.085
TNS   : -6.832

Type  : Fast 1100mV 0C Model Setup 'i_clk'
Slack : -0.538
TNS   : -16.723

Type  : Fast 1100mV 0C Model Hold 'i_clk'
Slack : 0.152
TNS   : 0.000

Type  : Fast 1100mV 0C Model Minimum Pulse Width 'i_clk'
Slack : -0.085
TNS   : -6.797

------------------------------------------------------------
