------------------------------------------------------------
Timing Analyzer Summary
------------------------------------------------------------

Type  : Slow 1200mV 85C Model Setup 'i_instruction[0]'
Slack : -2.437
TNS   : -10.446

Type  : Slow 1200mV 85C Model Hold 'i_instruction[0]'
Slack : 0.937
TNS   : 0.000

Type  : Slow 1200mV 85C Model Minimum Pulse Width 'i_instruction[0]'
Slack : -3.000
TNS   : -3.000

Type  : Slow 1200mV 0C Model Setup 'i_instruction[0]'
Slack : -2.559
TNS   : -10.628

Type  : Slow 1200mV 0C Model Hold 'i_instruction[0]'
Slack : 0.799
TNS   : 0.000

Type  : Slow 1200mV 0C Model Minimum Pulse Width 'i_instruction[0]'
Slack : -3.000
TNS   : -3.000

Type  : Fast 1200mV 0C Model Setup 'i_instruction[0]'
Slack : -0.016
TNS   : -0.029

Type  : Fast 1200mV 0C Model Hold 'i_instruction[0]'
Slack : 0.209
TNS   : 0.000

Type  : Fast 1200mV 0C Model Minimum Pulse Width 'i_instruction[0]'
Slack : -3.000
TNS   : -3.000

------------------------------------------------------------
